26.05

